Component: ARM Compiler 6.14.1 Tool: armlink [5db06d00]

==============================================================================

Section Cross References

    startup.o(STACK) refers (Special) to heapauxi.o(.text) for __use_two_region_memory
    startup.o(HEAP) refers (Special) to heapauxi.o(.text) for __use_two_region_memory
    startup.o(RESET) refers (Special) to heapauxi.o(.text) for __use_two_region_memory
    startup.o(RESET) refers to startup.o(STACK) for StackMem
    startup.o(RESET) refers to gpio_init.o(routines) for GPIOPortF_Handler
    startup.o(RESET) refers to main.o(main) for __main
    startup.o(RESET) refers to timer0a_handler.o(my_handler_for_timer) for TIMER2A_HANDLER
    startup.o(RESET) refers to timer3a_handler.o(motor_handler) for TIMER3A_HANDLER
    startup.o(.text) refers (Special) to heapauxi.o(.text) for __use_two_region_memory
    startup.o(.text) refers to startup.o(HEAP) for HeapMem
    startup.o(.text) refers to startup.o(STACK) for StackMem
    main.o(main) refers to ultrasound_inits.o(routines) for ULTRASOUND_INITS
    main.o(main) refers to motor_gpio.o(motor_gpio) for MOTOR_GPIO
    main.o(main) refers to init_timer3.o(init_timer3) for INIT_TIMER3
    main.o(main) refers to init_timer0.o(init_timer2) for INIT_TIMER2
    main.o(main) refers to gpio_init.o(routines) for GPIO_INIT
    main.o(main) refers to lcd_init.o(lcdinit) for LCD_INIT
    main.o(main) refers to display.o(routines) for DISPLAY
    main.o(main) refers to ultrasound_measurement.o(ultrasoundmeas) for ULTRASOUND_MEASUREMENT
    main.o(main) refers to breaking_mode.o(breaking) for BREAKING_MODE
    main.o(main) refers to transmit.o(routines) for TRANSMIT
    display.o(routines) refers to transmit.o(routines) for TRANSMIT
    lcd_init.o(lcdinit) refers to delay100.o(mysub) for DELAY100
    lcd_init.o(lcdinit) refers to transmit.o(routines) for TRANSMIT
    gpio_init.o(routines) refers to delay100.o(mysub) for DELAY100
    gpio_init.o(routines) refers to threshold_mode.o(breaking) for THRESHOLD_MODE
    timer0a_handler.o(my_handler_for_timer) refers to adc_init.o(adcinit) for ADC_INIT
    timer0a_handler.o(my_handler_for_timer) refers to transmit.o(routines) for TRANSMIT
    timer0a_handler.o(my_handler_for_timer) refers to printdigit.o(printdgt) for printdigit
    timer0a_handler.o(my_handler_for_timer) refers to update_threshold_bar.o(updthreshbar) for UPDATE_THRESHOLD_BAR
    printdigit.o(printdgt) refers to transmit.o(routines) for TRANSMIT
    convrt.o(main) refers to outstr.o(.text) for OutStr
    ultrasound_measurement.o(ultrasoundmeas) refers to outstr.o(.text) for OutStr
    ultrasound_measurement.o(ultrasoundmeas) refers to convrt.o(main) for CONVRT
    ultrasound_measurement.o(ultrasoundmeas) refers to transmit.o(routines) for TRANSMIT
    ultrasound_measurement.o(ultrasoundmeas) refers to printdigit.o(printdgt) for printdigit
    ultrasound_measurement.o(ultrasoundmeas) refers to delay100.o(mysub) for DELAY100
    ultrasound_measurement.o(ultrasoundmeas) refers to ultrasound_measurement.o(sdata) for PWIDTH
    breaking_mode.o(breaking) refers to transmit.o(routines) for TRANSMIT
    breaking_mode.o(breaking) refers to delay100.o(mysub) for DELAY100
    breaking_mode.o(breaking) refers to display.o(routines) for DISPLAY
    threshold_mode.o(breaking) refers to transmit.o(routines) for TRANSMIT
    threshold_mode.o(breaking) refers to display.o(routines) for DISPLAY
    threshold_mode.o(breaking) refers to update_threshold_bar.o(updthreshbar) for UPDATE_THRESHOLD_BAR
    update_threshold_bar.o(updthreshbar) refers to transmit.o(routines) for TRANSMIT


==============================================================================

Removing Unused input sections from the image.

    Removing startup.o(HEAP), (0 bytes).
    Removing startup.o(.text), (48 bytes).
    Removing timer0a_handler.o(sdata), (17 bytes).
    Removing ultrasound_inits.o(sdata), (0 bytes).

4 unused section(s) (total 65 bytes) removed from the image.

==============================================================================

Image Symbol Table

    Local Symbols

    Symbol Name                              Value     Ov Type        Size  Object(Section)

    ../clib/heapaux.c                        0x00000000   Number         0  heapauxi.o ABSOLUTE
    ADC_INIT.s                               0x00000000   Number         0  adc_init.o ABSOLUTE
    BREAKING_MODE.s                          0x00000000   Number         0  breaking_mode.o ABSOLUTE
    CONVRT.s                                 0x00000000   Number         0  convrt.o ABSOLUTE
    DELAY100.s                               0x00000000   Number         0  delay100.o ABSOLUTE
    DISPLAY.s                                0x00000000   Number         0  display.o ABSOLUTE
    GPIO_INIT.s                              0x00000000   Number         0  gpio_init.o ABSOLUTE
    INIT_TIMER0.s                            0x00000000   Number         0  init_timer0.o ABSOLUTE
    INIT_TIMER3.s                            0x00000000   Number         0  init_timer3.o ABSOLUTE
    LCD_INIT.s                               0x00000000   Number         0  lcd_init.o ABSOLUTE
    MOTOR_GPIO.s                             0x00000000   Number         0  motor_gpio.o ABSOLUTE
    OutStr.s                                 0x00000000   Number         0  outstr.o ABSOLUTE
    Startup.s                                0x00000000   Number         0  startup.o ABSOLUTE
    THRESHOLD_MODE.s                         0x00000000   Number         0  threshold_mode.o ABSOLUTE
    TIMER0A_HANDLER.s                        0x00000000   Number         0  timer0a_handler.o ABSOLUTE
    TIMER3A_HANDLER.s                        0x00000000   Number         0  timer3a_handler.o ABSOLUTE
    TRANSMIT.s                               0x00000000   Number         0  transmit.o ABSOLUTE
    ULTRASOUND_INITS.s                       0x00000000   Number         0  ultrasound_inits.o ABSOLUTE
    ULTRASOUND_MEASUREMENT.s                 0x00000000   Number         0  ultrasound_measurement.o ABSOLUTE
    UPDATE_THRESHOLD_BAR.s                   0x00000000   Number         0  update_threshold_bar.o ABSOLUTE
    dc.s                                     0x00000000   Number         0  dc.o ABSOLUTE
    main.s                                   0x00000000   Number         0  main.o ABSOLUTE
    printdigit.s                             0x00000000   Number         0  printdigit.o ABSOLUTE
    RESET                                    0x00000000   Section      652  startup.o(RESET)
    $v0                                      0x0000026c   Number         0  startup.o(RESET)
    $v0                                      0x0000028c   Number         0  outstr.o(.text)
    .text                                    0x0000028c   Section      236  outstr.o(.text)
    .text                                    0x00000378   Section        0  heapauxi.o(.text)
    $v0                                      0x00000380   Number         0  adc_init.o(adcinit)
    adcinit                                  0x00000380   Section      272  adc_init.o(adcinit)
    $v0                                      0x00000490   Number         0  breaking_mode.o(breaking)
    breaking                                 0x00000490   Section      708  breaking_mode.o(breaking)
    $v0                                      0x00000754   Number         0  threshold_mode.o(breaking)
    breaking                                 0x00000754   Section     1028  threshold_mode.o(breaking)
    $v0                                      0x00000b58   Number         0  init_timer0.o(init_timer2)
    init_timer2                              0x00000b58   Section      124  init_timer0.o(init_timer2)
    $v0                                      0x00000bd4   Number         0  init_timer3.o(init_timer3)
    init_timer3                              0x00000bd4   Section      144  init_timer3.o(init_timer3)
    $v0                                      0x00000c64   Number         0  lcd_init.o(lcdinit)
    lcdinit                                  0x00000c64   Section       92  lcd_init.o(lcdinit)
    $v0                                      0x00000cc0   Number         0  main.o(main)
    main                                     0x00000cc0   Section      128  main.o(main)
    $v0                                      0x00000d40   Number         0  convrt.o(main)
    main                                     0x00000d40   Section      124  convrt.o(main)
    $v0                                      0x00000dbc   Number         0  motor_gpio.o(motor_gpio)
    motor_gpio                               0x00000dbc   Section       64  motor_gpio.o(motor_gpio)
    $v0                                      0x00000dfc   Number         0  timer3a_handler.o(motor_handler)
    motor_handler                            0x00000dfc   Section      104  timer3a_handler.o(motor_handler)
    $v0                                      0x00000e64   Number         0  timer0a_handler.o(my_handler_for_timer)
    my_handler_for_timer                     0x00000e64   Section     1364  timer0a_handler.o(my_handler_for_timer)
    $v0                                      0x000013b8   Number         0  delay100.o(mysub)
    mysub                                    0x000013b8   Section       16  delay100.o(mysub)
    $v0                                      0x000013c8   Number         0  printdigit.o(printdgt)
    printdgt                                 0x000013c8   Section      572  printdigit.o(printdgt)
    $v0                                      0x00001604   Number         0  display.o(routines)
    routines                                 0x00001604   Section     1960  display.o(routines)
    $v0                                      0x00001dac   Number         0  transmit.o(routines)
    routines                                 0x00001dac   Section       48  transmit.o(routines)
    $v0                                      0x00001ddc   Number         0  gpio_init.o(routines)
    routines                                 0x00001ddc   Section      544  gpio_init.o(routines)
    $v0                                      0x00001ffc   Number         0  ultrasound_inits.o(routines)
    routines                                 0x00001ffc   Section      332  ultrasound_inits.o(routines)
    $v0                                      0x00002148   Number         0  ultrasound_measurement.o(ultrasoundmeas)
    ultrasoundmeas                           0x00002148   Section      332  ultrasound_measurement.o(ultrasoundmeas)
    $v0                                      0x00002294   Number         0  update_threshold_bar.o(updthreshbar)
    updthreshbar                             0x00002294   Section      212  update_threshold_bar.o(updthreshbar)
    PWIDTH                                   0x00002368   Data          15  ultrasound_measurement.o(sdata)
    sdata                                    0x00002368   Section       17  ultrasound_measurement.o(sdata)
    StackMem                                 0x20000000   Data           0  startup.o(STACK)
    STACK                                    0x20000000   Section     1024  startup.o(STACK)

    Global Symbols

    Symbol Name                              Value     Ov Type        Size  Object(Section)

    BuildAttributes$$THM_ISAv4$E$P$D$K$B$S$7EM$VFPi3$EXTD16$VFPS$VFMA$PE$A:L22UL41UL21$X:L11$S22US41US21$IEEE1$IW$~IW$USESV6$~STKCKD$USESV7$~SHL$OSPACE$ROPI$EBA8$STANDARDLIB$REQ8$EABIv2 0x00000000   Number         0  anon$$obj.o ABSOLUTE
    __Vectors                                0x00000000   Data           0  startup.o(RESET)
    Reset_Handler                            0x0000026d   Thumb Code     0  startup.o(RESET)
    NMI_Handler                              0x00000271   Thumb Code     2  startup.o(RESET)
    HardFault_Handler                        0x00000273   Thumb Code     2  startup.o(RESET)
    MemManage_Handler                        0x00000275   Thumb Code     2  startup.o(RESET)
    BusFault_Handler                         0x00000277   Thumb Code     2  startup.o(RESET)
    UsageFault_Handler                       0x00000279   Thumb Code     2  startup.o(RESET)
    SVC_Handler                              0x0000027b   Thumb Code     2  startup.o(RESET)
    DebugMon_Handler                         0x0000027d   Thumb Code     2  startup.o(RESET)
    PendSV_Handler                           0x0000027f   Thumb Code     2  startup.o(RESET)
    SysTick_Handler                          0x00000281   Thumb Code     2  startup.o(RESET)
    ADC0Seq0_Handler                         0x00000283   Thumb Code     0  startup.o(RESET)
    ADC0Seq1_Handler                         0x00000283   Thumb Code     0  startup.o(RESET)
    ADC0Seq2_Handler                         0x00000283   Thumb Code     0  startup.o(RESET)
    ADC0Seq3_Handler                         0x00000283   Thumb Code     0  startup.o(RESET)
    GPIOPortA_Handler                        0x00000283   Thumb Code     0  startup.o(RESET)
    GPIOPortB_Handler                        0x00000283   Thumb Code     0  startup.o(RESET)
    GPIOPortC_Handler                        0x00000283   Thumb Code     0  startup.o(RESET)
    GPIOPortD_Handler                        0x00000283   Thumb Code     0  startup.o(RESET)
    GPIOPortE_Handler                        0x00000283   Thumb Code     0  startup.o(RESET)
    I2C0_Handler                             0x00000283   Thumb Code     0  startup.o(RESET)
    PWM0Fault_Handler                        0x00000283   Thumb Code     0  startup.o(RESET)
    PWM0Generator0_Handler                   0x00000283   Thumb Code     0  startup.o(RESET)
    PWM0Generator1_Handler                   0x00000283   Thumb Code     0  startup.o(RESET)
    PWM0Generator2_Handler                   0x00000283   Thumb Code     0  startup.o(RESET)
    Quadrature0_Handler                      0x00000283   Thumb Code     0  startup.o(RESET)
    SSI0_Handler                             0x00000283   Thumb Code     0  startup.o(RESET)
    Timer0A_Handler                          0x00000283   Thumb Code     0  startup.o(RESET)
    Timer0B_Handler                          0x00000283   Thumb Code     0  startup.o(RESET)
    Timer1A_Handler                          0x00000283   Thumb Code     0  startup.o(RESET)
    Timer1B_Handler                          0x00000283   Thumb Code     0  startup.o(RESET)
    Timer2A_Handler                          0x00000283   Thumb Code     4  startup.o(RESET)
    UART0_Handler                            0x00000283   Thumb Code     0  startup.o(RESET)
    UART1_Handler                            0x00000283   Thumb Code     0  startup.o(RESET)
    WDT_Handler                              0x00000283   Thumb Code     0  startup.o(RESET)
    Comp0_Handler                            0x00000287   Thumb Code     0  startup.o(RESET)
    Comp1_Handler                            0x00000287   Thumb Code     0  startup.o(RESET)
    Comp2_Handler                            0x00000287   Thumb Code     0  startup.o(RESET)
    FlashCtl_Handler                         0x00000287   Thumb Code     0  startup.o(RESET)
    GPIOPortG_Handler                        0x00000287   Thumb Code     0  startup.o(RESET)
    GPIOPortH_Handler                        0x00000287   Thumb Code     0  startup.o(RESET)
    SSI1_Handler                             0x00000287   Thumb Code     0  startup.o(RESET)
    SysCtl_Handler                           0x00000287   Thumb Code     0  startup.o(RESET)
    Timer2B_Handler                          0x00000287   Thumb Code     0  startup.o(RESET)
    Timer3A_Handler                          0x00000287   Thumb Code     4  startup.o(RESET)
    UART2_Handler                            0x00000287   Thumb Code     0  startup.o(RESET)
    ADC1Seq0_Handler                         0x0000028b   Thumb Code     0  startup.o(RESET)
    ADC1Seq1_Handler                         0x0000028b   Thumb Code     0  startup.o(RESET)
    ADC1Seq2_Handler                         0x0000028b   Thumb Code     0  startup.o(RESET)
    ADC1Seq3_Handler                         0x0000028b   Thumb Code     0  startup.o(RESET)
    CAN0_Handler                             0x0000028b   Thumb Code     0  startup.o(RESET)
    CAN1_Handler                             0x0000028b   Thumb Code     0  startup.o(RESET)
    CAN2_Handler                             0x0000028b   Thumb Code     0  startup.o(RESET)
    Ethernet_Handler                         0x0000028b   Thumb Code     0  startup.o(RESET)
    ExtBus_Handler                           0x0000028b   Thumb Code     0  startup.o(RESET)
    FPU_Handler                              0x0000028b   Thumb Code     0  startup.o(RESET)
    Fan0_Handler                             0x0000028b   Thumb Code     0  startup.o(RESET)
    GPIOPortJ_Handler                        0x0000028b   Thumb Code     0  startup.o(RESET)
    GPIOPortK_Handler                        0x0000028b   Thumb Code     0  startup.o(RESET)
    GPIOPortL_Handler                        0x0000028b   Thumb Code     0  startup.o(RESET)
    GPIOPortM_Handler                        0x0000028b   Thumb Code     0  startup.o(RESET)
    GPIOPortN_Handler                        0x0000028b   Thumb Code     0  startup.o(RESET)
    GPIOPortP1_Handler                       0x0000028b   Thumb Code     0  startup.o(RESET)
    GPIOPortP2_Handler                       0x0000028b   Thumb Code     0  startup.o(RESET)
    GPIOPortP3_Handler                       0x0000028b   Thumb Code     0  startup.o(RESET)
    GPIOPortP4_Handler                       0x0000028b   Thumb Code     0  startup.o(RESET)
    GPIOPortP5_Handler                       0x0000028b   Thumb Code     0  startup.o(RESET)
    GPIOPortP6_Handler                       0x0000028b   Thumb Code     0  startup.o(RESET)
    GPIOPortP7_Handler                       0x0000028b   Thumb Code     0  startup.o(RESET)
    GPIOPortP_Handler                        0x0000028b   Thumb Code     0  startup.o(RESET)
    GPIOPortQ1_Handler                       0x0000028b   Thumb Code     0  startup.o(RESET)
    GPIOPortQ2_Handler                       0x0000028b   Thumb Code     0  startup.o(RESET)
    GPIOPortQ3_Handler                       0x0000028b   Thumb Code     0  startup.o(RESET)
    GPIOPortQ4_Handler                       0x0000028b   Thumb Code     0  startup.o(RESET)
    GPIOPortQ5_Handler                       0x0000028b   Thumb Code     0  startup.o(RESET)
    GPIOPortQ6_Handler                       0x0000028b   Thumb Code     0  startup.o(RESET)
    GPIOPortQ7_Handler                       0x0000028b   Thumb Code     0  startup.o(RESET)
    GPIOPortQ_Handler                        0x0000028b   Thumb Code     0  startup.o(RESET)
    GPIOPortR_Handler                        0x0000028b   Thumb Code     0  startup.o(RESET)
    GPIOPortS_Handler                        0x0000028b   Thumb Code     0  startup.o(RESET)
    Hibernate_Handler                        0x0000028b   Thumb Code     0  startup.o(RESET)
    I2C1_Handler                             0x0000028b   Thumb Code     0  startup.o(RESET)
    I2C2_Handler                             0x0000028b   Thumb Code     0  startup.o(RESET)
    I2C3_Handler                             0x0000028b   Thumb Code     0  startup.o(RESET)
    I2C4_Handler                             0x0000028b   Thumb Code     0  startup.o(RESET)
    I2C5_Handler                             0x0000028b   Thumb Code     0  startup.o(RESET)
    I2S0_Handler                             0x0000028b   Thumb Code     0  startup.o(RESET)
    LPC0_Handler                             0x0000028b   Thumb Code     0  startup.o(RESET)
    PECI0_Handler                            0x0000028b   Thumb Code     0  startup.o(RESET)
    PWM0Generator3_Handler                   0x0000028b   Thumb Code     0  startup.o(RESET)
    PWM1Fault_Handler                        0x0000028b   Thumb Code     0  startup.o(RESET)
    PWM1Generator0_Handler                   0x0000028b   Thumb Code     0  startup.o(RESET)
    PWM1Generator1_Handler                   0x0000028b   Thumb Code     0  startup.o(RESET)
    PWM1Generator2_Handler                   0x0000028b   Thumb Code     0  startup.o(RESET)
    PWM1Generator3_Handler                   0x0000028b   Thumb Code     0  startup.o(RESET)
    Quadrature1_Handler                      0x0000028b   Thumb Code     0  startup.o(RESET)
    Quadrature2_Handler                      0x0000028b   Thumb Code     0  startup.o(RESET)
    SSI2_Handler                             0x0000028b   Thumb Code     0  startup.o(RESET)
    SSI3_Handler                             0x0000028b   Thumb Code     0  startup.o(RESET)
    Timer3B_Handler                          0x0000028b   Thumb Code     0  startup.o(RESET)
    Timer4A_Handler                          0x0000028b   Thumb Code     0  startup.o(RESET)
    Timer4B_Handler                          0x0000028b   Thumb Code     0  startup.o(RESET)
    Timer5A_Handler                          0x0000028b   Thumb Code     0  startup.o(RESET)
    Timer5B_Handler                          0x0000028b   Thumb Code     0  startup.o(RESET)
    UART3_Handler                            0x0000028b   Thumb Code     0  startup.o(RESET)
    UART4_Handler                            0x0000028b   Thumb Code     0  startup.o(RESET)
    UART5_Handler                            0x0000028b   Thumb Code     0  startup.o(RESET)
    UART6_Handler                            0x0000028b   Thumb Code     0  startup.o(RESET)
    UART7_Handler                            0x0000028b   Thumb Code     0  startup.o(RESET)
    USB0_Handler                             0x0000028b   Thumb Code     0  startup.o(RESET)
    WideTimer0A_Handler                      0x0000028b   Thumb Code     0  startup.o(RESET)
    WideTimer0B_Handler                      0x0000028b   Thumb Code     0  startup.o(RESET)
    WideTimer1A_Handler                      0x0000028b   Thumb Code     0  startup.o(RESET)
    WideTimer1B_Handler                      0x0000028b   Thumb Code     0  startup.o(RESET)
    WideTimer2A_Handler                      0x0000028b   Thumb Code     0  startup.o(RESET)
    WideTimer2B_Handler                      0x0000028b   Thumb Code     0  startup.o(RESET)
    WideTimer3A_Handler                      0x0000028b   Thumb Code     0  startup.o(RESET)
    WideTimer3B_Handler                      0x0000028b   Thumb Code     0  startup.o(RESET)
    WideTimer4A_Handler                      0x0000028b   Thumb Code     0  startup.o(RESET)
    WideTimer4B_Handler                      0x0000028b   Thumb Code     0  startup.o(RESET)
    WideTimer5A_Handler                      0x0000028b   Thumb Code     0  startup.o(RESET)
    WideTimer5B_Handler                      0x0000028b   Thumb Code     0  startup.o(RESET)
    uDMA_Error                               0x0000028b   Thumb Code     0  startup.o(RESET)
    uDMA_Handler                             0x0000028b   Thumb Code     0  startup.o(RESET)
    OutStr                                   0x0000028d   Thumb Code     0  outstr.o(.text)
    __use_two_region_memory                  0x00000379   Thumb Code     2  heapauxi.o(.text)
    __rt_heap_escrow$2region                 0x0000037b   Thumb Code     2  heapauxi.o(.text)
    __rt_heap_expand$2region                 0x0000037d   Thumb Code     2  heapauxi.o(.text)
    ADC_INIT                                 0x00000381   Thumb Code   200  adc_init.o(adcinit)
    BREAKING_MODE                            0x00000491   Thumb Code   692  breaking_mode.o(breaking)
    THRESHOLD_MODE                           0x00000755   Thumb Code  1010  threshold_mode.o(breaking)
    INIT_TIMER2                              0x00000b59   Thumb Code    92  init_timer0.o(init_timer2)
    INIT_TIMER3                              0x00000bd5   Thumb Code   106  init_timer3.o(init_timer3)
    LCD_INIT                                 0x00000c65   Thumb Code    86  lcd_init.o(lcdinit)
    __main                                   0x00000cc1   Thumb Code   112  main.o(main)
    CONVRT                                   0x00000d41   Thumb Code     4  convrt.o(main)
    MOTOR_GPIO                               0x00000dbd   Thumb Code    48  motor_gpio.o(motor_gpio)
    TIMER3A_HANDLER                          0x00000dfd   Thumb Code    96  timer3a_handler.o(motor_handler)
    TIMER2A_HANDLER                          0x00000e65   Thumb Code  1292  timer0a_handler.o(my_handler_for_timer)
    DELAY100                                 0x000013b9   Thumb Code    12  delay100.o(mysub)
    printdigit                               0x000013c9   Thumb Code   570  printdigit.o(printdgt)
    DISPLAY                                  0x00001605   Thumb Code  1954  display.o(routines)
    TRANSMIT                                 0x00001dad   Thumb Code    38  transmit.o(routines)
    GPIO_INIT                                0x00001ddd   Thumb Code   346  gpio_init.o(routines)
    GPIOPortF_Handler                        0x00001f37   Thumb Code    70  gpio_init.o(routines)
    ULTRASOUND_INITS                         0x00001ffd   Thumb Code   256  ultrasound_inits.o(routines)
    ULTRASOUND_MEASUREMENT                   0x00002149   Thumb Code   300  ultrasound_measurement.o(ultrasoundmeas)
    UPDATE_THRESHOLD_BAR                     0x00002295   Thumb Code   206  update_threshold_bar.o(updthreshbar)



==============================================================================

Memory Map of the image

  Image Entry point : 0x0000026d

  Load Region LR_1 (Base: 0x00000000, Size: 0x00002780, Max: 0xffffffff, ABSOLUTE)

    Execution Region ER_RO (Exec base: 0x00000000, Load base: 0x00000000, Size: 0x0000237c, Max: 0xffffffff, ABSOLUTE)

    Exec Addr    Load Addr    Size         Type   Attr      Idx    E Section Name        Object

    0x00000000   0x00000000   0x0000028c   Code   RO            3  * RESET               startup.o
    0x0000028c   0x0000028c   0x000000ec   Code   RO           56    .text               outstr.o
    0x00000378   0x00000378   0x00000006   Code   RO           95    .text               c_w.l(heapauxi.o)
    0x0000037e   0x0000037e   0x00000002   PAD
    0x00000380   0x00000380   0x00000110   Code   RO           41    adcinit             adc_init.o
    0x00000490   0x00000490   0x000002c4   Code   RO           69    breaking            breaking_mode.o
    0x00000754   0x00000754   0x00000404   Code   RO           73    breaking            threshold_mode.o
    0x00000b58   0x00000b58   0x0000007c   Code   RO           32    init_timer2         init_timer0.o
    0x00000bd4   0x00000bd4   0x00000090   Code   RO           81    init_timer3         init_timer3.o
    0x00000c64   0x00000c64   0x0000005c   Code   RO           24    lcdinit             lcd_init.o
    0x00000cc0   0x00000cc0   0x00000080   Code   RO           12    main                main.o
    0x00000d40   0x00000d40   0x0000007c   Code   RO           53    main                convrt.o
    0x00000dbc   0x00000dbc   0x00000040   Code   RO           85    motor_gpio          motor_gpio.o
    0x00000dfc   0x00000dfc   0x00000068   Code   RO           89    motor_handler       timer3a_handler.o
    0x00000e64   0x00000e64   0x00000554   Code   RO           37    my_handler_for_timer  timer0a_handler.o
    0x000013b8   0x000013b8   0x00000010   Code   RO           49    mysub               delay100.o
    0x000013c8   0x000013c8   0x0000023c   Code   RO           45    printdgt            printdigit.o
    0x00001604   0x00001604   0x000007a8   Code   RO           16    routines            display.o
    0x00001dac   0x00001dac   0x00000030   Code   RO           20    routines            transmit.o
    0x00001ddc   0x00001ddc   0x00000220   Code   RO           28    routines            gpio_init.o
    0x00001ffc   0x00001ffc   0x0000014c   Code   RO           60    routines            ultrasound_inits.o
    0x00002148   0x00002148   0x0000014c   Code   RO           65    ultrasoundmeas      ultrasound_measurement.o
    0x00002294   0x00002294   0x000000d4   Code   RO           77    updthreshbar        update_threshold_bar.o
    0x00002368   0x00002368   0x00000011   Data   RO           64    sdata               ultrasound_measurement.o


    Execution Region ER_RW (Exec base: 0x20000000, Load base: 0x00002380, Size: 0x00000400, Max: 0xffffffff, ABSOLUTE)

    Exec Addr    Load Addr    Size         Type   Attr      Idx    E Section Name        Object

    0x20000000   0x00002380   0x00000400   Data   RW            1    STACK               startup.o


    Execution Region ER_ZI (Exec base: 0x20000400, Load base: 0x00002780, Size: 0x00000000, Max: 0xffffffff, ABSOLUTE)

    **** No section assigned to this execution region ****


==============================================================================

Image component sizes


      Code (inc. data)   RO Data    RW Data    ZI Data      Debug   Object Name

       272         60          0          0          0        412   adc_init.o
       708         22          0          0          0        556   breaking_mode.o
       124         10          0          0          0        228   convrt.o
        16          4          0          0          0        336   delay100.o
      1960         16          0          0          0        872   display.o
       544        128          0          0          0        548   gpio_init.o
       124         32          0          0          0        380   init_timer0.o
       144         38          0          0          0        384   init_timer3.o
        92          6          0          0          0        356   lcd_init.o
       128         16          0          0          0        364   main.o
        64         16          0          0          0        356   motor_gpio.o
       236         54          0          0          0        276   outstr.o
       572          2          0          0          0        488   printdigit.o
       652        620          0       1024          0        808   startup.o
      1028         18          0          0          0        636   threshold_mode.o
      1364         46          0          0          0        752   timer0a_handler.o
       104          8          0          0          0        392   timer3a_handler.o
        48         10          0          0          0        348   transmit.o
       332         76          0          0          0        460   ultrasound_inits.o
       332         32         17          0          0        468   ultrasound_measurement.o
       212         16          0          0          0        452   update_threshold_bar.o

    ----------------------------------------------------------------------
      9056       1230         20       1024          0       9872   Object Totals
         0          0          0          0          0          0   (incl. Generated)
         0          0          3          0          0          0   (incl. Padding)

    ----------------------------------------------------------------------

      Code (inc. data)   RO Data    RW Data    ZI Data      Debug   Library Member Name

         6          0          0          0          0        152   heapauxi.o

    ----------------------------------------------------------------------
         8          0          0          0          0        152   Library Totals
         2          0          0          0          0          0   (incl. Padding)

    ----------------------------------------------------------------------

      Code (inc. data)   RO Data    RW Data    ZI Data      Debug   Library Name

         6          0          0          0          0        152   c_w.l

    ----------------------------------------------------------------------
         8          0          0          0          0        152   Library Totals

    ----------------------------------------------------------------------

==============================================================================


      Code (inc. data)   RO Data    RW Data    ZI Data      Debug   

      9064       1230         20       1024          0       8224   Grand Totals
      9064       1230         20       1024          0       8224   ELF Image Totals
      9064       1230         20       1024          0          0   ROM Totals

==============================================================================

    Total RO  Size (Code + RO Data)                 9084 (   8.87kB)
    Total RW  Size (RW Data + ZI Data)              1024 (   1.00kB)
    Total ROM Size (Code + RO Data + RW Data)      10108 (   9.87kB)

==============================================================================

